./tests/inputs
├── input1
│   ├── aaa
│   │   └── one.txt
│   └── bbb
│       ├── eleven.txt
│       └── ten.txt
├── input2
│   ├── aaa
│   │   └── one.txt
│   ├── bbb
│   │   ├── ccc
│   │   │   ├── ddd
│   │   │   │   └── empty.txt
│   │   │   └── three.txt
│   │   └── ten.txt
│   └── two.txt
└── input3
    ├── aaa
    │   └── one.txt
    ├── bbb
    │   ├── ccc
    │   │   ├── ddd
    │   │   │   └── empty.txt
    │   │   └── three.txt
    │   └── ten.txt
    ├── ccc
    │   └── one.txt
    ├── ddd
    │   ├── ccc
    │   │   ├── ddd
    │   │   │   └── empty.txt
    │   │   └── three.txt
    │   └── ten.txt
    └── two.txt

18 directories, 17 files
