./tests/inputs/input3
├── aaa
│   └── one.txt
├── bbb
│   ├── ccc
│   │   ├── ddd
│   │   │   └── empty.txt
│   │   └── three.txt
│   └── ten.txt
├── ccc
│   └── one.txt
├── ddd
│   ├── ccc
│   │   ├── ddd
│   │   │   └── empty.txt
│   │   └── three.txt
│   └── ten.txt
└── two.txt

9 directories, 9 files
